herdr 0.9.3
trial default #d1: MISSED (marker still in scrollback: 1)
trial lines1000 #w1: matched (marker still in scrollback: 1)
trial default #d2: MISSED (marker still in scrollback: 1)
trial lines1000 #w2: matched (marker still in scrollback: 1)
trial default #d3: MISSED (marker still in scrollback: 1)
trial lines1000 #w3: matched (marker still in scrollback: 1)
trial default #d4: matched (marker still in scrollback: 1)
trial lines1000 #w4: matched (marker still in scrollback: 1)
trial default #d5: MISSED (marker still in scrollback: 1)
trial lines1000 #w5: matched (marker still in scrollback: 1)
trial default #d6: MISSED (marker still in scrollback: 1)
trial lines1000 #w6: matched (marker still in scrollback: 1)
trial default #d7: MISSED (marker still in scrollback: 1)
trial lines1000 #w7: matched (marker still in scrollback: 1)
trial default #d8: MISSED (marker still in scrollback: 1)
trial lines1000 #w8: matched (marker still in scrollback: 1)
trial default #d9: MISSED (marker still in scrollback: 1)
trial lines1000 #w9: matched (marker still in scrollback: 1)
trial default #d10: MISSED (marker still in scrollback: 1)
trial lines1000 #w10: matched (marker still in scrollback: 1)
trial default #d11: MISSED (marker still in scrollback: 1)
trial lines1000 #w11: matched (marker still in scrollback: 1)
trial default #d12: MISSED (marker still in scrollback: 1)
trial lines1000 #w12: matched (marker still in scrollback: 1)
trial default #d13: MISSED (marker still in scrollback: 1)
trial lines1000 #w13: matched (marker still in scrollback: 1)
trial default #d14: MISSED (marker still in scrollback: 1)
trial lines1000 #w14: matched (marker still in scrollback: 1)
trial default #d15: MISSED (marker still in scrollback: 1)
trial lines1000 #w15: matched (marker still in scrollback: 1)
trial default #d16: MISSED (marker still in scrollback: 1)
trial lines1000 #w16: matched (marker still in scrollback: 1)
trial default #d17: MISSED (marker still in scrollback: 1)
trial lines1000 #w17: matched (marker still in scrollback: 1)
trial default #d18: MISSED (marker still in scrollback: 1)
trial lines1000 #w18: matched (marker still in scrollback: 1)
trial default #d19: MISSED (marker still in scrollback: 1)
trial lines1000 #w19: matched (marker still in scrollback: 1)
trial default #d20: MISSED (marker still in scrollback: 1)
trial lines1000 #w20: matched (marker still in scrollback: 1)
SUMMARY N=100 K=20  default: matched=1 missed=19 | --lines 1000: matched=20 missed=0
